npx : ΓÜá `eslint` configuration in next.config.ts is no longer supported. See more info here: 
https://nextjs.org/docs/app/api-reference/cli/next#next-lint-options
At line:1 char:50
+ ... ODE_OPTIONS="--max-old-space-size=8192" ; npx next build 2>&1 | Out-F ...
+                                               ~~~~~~~~~~~~~~~~~~~
    + CategoryInfo          : NotSpecified: (ΓÜá `eslint` co...xt-lint-options:String) [], RemoteException
    + FullyQualifiedErrorId : NativeCommandError
 
ΓÜá Invalid next.config.ts options detected: 
ΓÜá     Unrecognized key(s) in object: 'eslint'
ΓÜá See more info here: https://nextjs.org/docs/messages/invalid-next-config
Γû▓ Next.js 16.1.1 (Turbopack)
- Environments: .env.local

  Creating an optimized production build ...
Γ£ô Compiled successfully in 3.0min
  Skipping validation of types
  Collecting page data using 15 workers ...
[ModuleHooks] Initializing module hooks...
[ModuleHooksRegistry] Registered hook for module: ecommerce
[ModuleHooks] Module hooks initialized
[ModuleHooks] Initializing module hooks...
[ModuleHooksRegistry] Registered hook for module: ecommerce
[ModuleHooks] Module hooks initialized
ΓÜá Using edge runtime on a page currently disables static generation for that page
  Generating static pages using 15 workers (0/173) ...
  Generating static pages using 15 workers (43/173) 
  Generating static pages using 15 workers (86/173) 
  Generating static pages using 15 workers (129/173) 
Γ£ô Generating static pages using 15 workers (173/173) in 4.9s
  Finalizing page optimization ...

Route (app)
Γöî Γùï /
Γö£ Γùï /_not-found
Γö£ ╞Æ /admin
Γö£ ╞Æ /admin/activity
Γö£ ╞Æ /admin/agencies
Γö£ ╞Æ /admin/agencies/[agencyId]
Γö£ ╞Æ /admin/agencies/analytics
Γö£ ╞Æ /admin/analytics
Γö£ ╞Æ /admin/audit
Γö£ ╞Æ /admin/billing
Γö£ ╞Æ /admin/billing/revenue
Γö£ ╞Æ /admin/health
Γö£ ╞Æ /admin/modules
Γö£ ╞Æ /admin/modules/[moduleId]
Γö£ ╞Æ /admin/modules/analytics
Γö£ ╞Æ /admin/modules/pricing
Γö£ ╞Æ /admin/modules/requests
Γö£ ╞Æ /admin/modules/requests/[requestId]
Γö£ ╞Æ /admin/modules/studio
Γö£ ╞Æ /admin/modules/studio/[moduleId]
Γö£ ╞Æ /admin/modules/studio/[moduleId]/test
Γö£ ╞Æ /admin/modules/studio/ai-builder
Γö£ ╞Æ /admin/modules/studio/integration-test
Γö£ ╞Æ /admin/modules/studio/new
Γö£ ╞Æ /admin/modules/studio/sync
Γö£ ╞Æ /admin/modules/testing
Γö£ ╞Æ /admin/modules/testing/beta
Γö£ ╞Æ /admin/modules/testing/sites
Γö£ ╞Æ /admin/settings
Γö£ ╞Æ /admin/subscriptions
Γö£ ╞Æ /admin/users
Γö£ ╞Æ /admin/users/[userId]
Γö£ ╞Æ /api/activity
Γö£ ╞Æ /api/admin/billing/overview
Γö£ ╞Æ /api/admin/modules
Γö£ ╞Æ /api/admin/modules/[moduleId]
Γö£ ╞Æ /api/admin/modules/[moduleId]/pricing
Γö£ ╞Æ /api/admin/modules/requests
Γö£ ╞Æ /api/admin/modules/requests/[requestId]
Γö£ ╞Æ /api/admin/modules/sync
Γö£ ╞Æ /api/admin/modules/sync/[moduleId]
Γö£ ╞Æ /api/admin/rls-test
Γö£ ╞Æ /api/agencies/[agencyId]/modules
Γö£ ╞Æ /api/ai/generate
Γö£ ╞Æ /api/ai/regenerate-section
Γö£ ╞Æ /api/ai/website-designer
Γö£ ╞Æ /api/ai/website-designer/stream
Γö£ ╞Æ /api/billing/cancel-module
Γö£ ╞Æ /api/billing/create-checkout
Γö£ ╞Æ /api/billing/module-checkout
Γö£ ╞Æ /api/billing/paddle
Γö£ ╞Æ /api/billing/paddle/checkout
Γö£ ╞Æ /api/billing/paddle/invoices
Γö£ ╞Æ /api/billing/paddle/products
Γö£ ╞Æ /api/billing/paddle/subscription
Γö£ ╞Æ /api/billing/paddle/subscription/cancel
Γö£ ╞Æ /api/billing/paddle/subscription/pause
Γö£ ╞Æ /api/billing/paddle/subscription/reactivate
Γö£ ╞Æ /api/billing/paddle/subscription/resume
Γö£ ╞Æ /api/billing/paddle/subscription/update-payment
Γö£ ╞Æ /api/billing/paddle/usage
Γö£ ╞Æ /api/billing/paddle/verify-price
Γö£ ╞Æ /api/billing/portal
Γö£ ╞Æ /api/billing/sync-seats
Γö£ ╞Æ /api/branding/[agencyId]
Γö£ ╞Æ /api/clients/[clientId]/activities
Γö£ ╞Æ /api/clients/[clientId]/modules
Γö£ ╞Æ /api/clients/[clientId]/modules/[moduleId]
Γö£ ╞Æ /api/clients/[clientId]/modules/[moduleId]/toggle
Γö£ ╞Æ /api/cron
Γö£ ╞Æ /api/cron/auto-close-chats
Γö£ ╞Æ /api/cron/chat
Γö£ ╞Æ /api/cron/domain-health
Γö£ ╞Æ /api/cron/domains
Γö£ ╞Æ /api/debug/proxy-check
Γö£ ╞Æ /api/debug/site-lookup
Γö£ ╞Æ /api/developer/payout-account
Γö£ ╞Æ /api/developer/payouts
Γö£ ╞Æ /api/developer/revenue
Γö£ ╞Æ /api/developer/revenue/export
Γö£ ╞Æ /api/developer/statements/[payoutId]
Γö£ ╞Æ /api/developer/stripe-connect
Γö£ ╞Æ /api/domains/[domain]/contact
Γö£ ╞Æ /api/domains/[domain]/redirect
Γö£ ╞Æ /api/domains/[domain]/status
Γö£ ╞Æ /api/domains/add
Γö£ ╞Æ /api/domains/verify
Γö£ ╞Æ /api/editor/ai
Γö£ ╞Æ /api/editor/ai/generate-page
Γö£ ╞Æ /api/editor/ai/optimize
Γö£ ╞Æ /api/editor/ai/suggest-components
Γö£ ╞Æ /api/email-preferences
Γö£ ╞Æ /api/embed/verify
Γö£ ╞Æ /api/forms/export
Γö£ ╞Æ /api/forms/submit
Γö£ ╞Æ /api/health
Γö£ ╞Æ /api/log-error
Γö£ ╞Æ /api/marketplace/categories
Γö£ ╞Æ /api/marketplace/developers
Γö£ ╞Æ /api/marketplace/developers/[slug]
Γö£ ╞Æ /api/marketplace/featured
Γö£ ╞Æ /api/marketplace/recommendations
Γö£ ╞Æ /api/marketplace/search
Γö£ ╞Æ /api/marketplace/trending
Γö£ ╞Æ /api/media/upload
Γö£ ╞Æ /api/modules
Γö£ ╞Æ /api/modules/[moduleId]
Γö£ ╞Æ /api/modules/[moduleId]/api-consumers
Γö£ ╞Æ /api/modules/[moduleId]/api-consumers/[consumerId]
Γö£ ╞Æ /api/modules/[moduleId]/api-consumers/[consumerId]/rotate-key
Γö£ ╞Æ /api/modules/[moduleId]/api-consumers/[consumerId]/usage
Γö£ ╞Æ /api/modules/[moduleId]/api/[...path]
Γö£ ╞Æ /api/modules/[moduleId]/data/[...path]
Γö£ ╞Æ /api/modules/[moduleId]/db
Γö£ ╞Æ /api/modules/[moduleId]/docs
Γö£ ╞Æ /api/modules/[moduleId]/domains
Γö£ ╞Æ /api/modules/[moduleId]/domains/[domainId]
Γö£ ╞Æ /api/modules/[moduleId]/domains/[domainId]/settings
Γö£ ╞Æ /api/modules/[moduleId]/domains/[domainId]/verify
Γö£ ╞Æ /api/modules/[moduleId]/events
Γö£ ╞Æ /api/modules/[moduleId]/external/domains
Γö£ ╞Æ /api/modules/[moduleId]/external/domains/[domainId]
Γö£ ╞Æ /api/modules/[moduleId]/external/domains/[domainId]/verify
Γö£ ╞Æ /api/modules/[moduleId]/external/oauth/clients
Γö£ ╞Æ /api/modules/[moduleId]/external/oauth/token
Γö£ ╞Æ /api/modules/[moduleId]/external/webhooks
Γö£ ╞Æ /api/modules/[moduleId]/external/webhooks/[webhookId]
Γö£ ╞Æ /api/modules/[moduleId]/external/webhooks/[webhookId]/test
Γö£ ╞Æ /api/modules/[moduleId]/graphql
Γö£ ╞Æ /api/modules/[moduleId]/install
Γö£ ╞Æ /api/modules/[moduleId]/purchase
Γö£ ╞Æ /api/modules/[moduleId]/reviews
Γö£ ╞Æ /api/modules/[moduleId]/reviews/[reviewId]
Γö£ ╞Æ /api/modules/[moduleId]/reviews/[reviewId]/report
Γö£ ╞Æ /api/modules/[moduleId]/reviews/[reviewId]/response
Γö£ ╞Æ /api/modules/[moduleId]/reviews/[reviewId]/vote
Γö£ ╞Æ /api/modules/[moduleId]/sdk
Γö£ ╞Æ /api/modules/[moduleId]/status
Γö£ ╞Æ /api/modules/[moduleId]/storage
Γö£ ╞Æ /api/modules/[moduleId]/versions
Γö£ ╞Æ /api/modules/[moduleId]/versions/[versionId]/deprecate
Γö£ ╞Æ /api/modules/[moduleId]/versions/[versionId]/publish
Γö£ ╞Æ /api/modules/[moduleId]/versions/backup
Γö£ ╞Æ /api/modules/[moduleId]/versions/migrate
Γö£ ╞Æ /api/modules/[moduleId]/versions/rollback
Γö£ ╞Æ /api/modules/[moduleId]/versions/rollback-plan
Γö£ ╞Æ /api/modules/[moduleId]/versions/rollback-points
Γö£ ╞Æ /api/modules/[moduleId]/versions/upgrade-plan
Γö£ ╞Æ /api/modules/[moduleId]/versions/verify
Γö£ ╞Æ /api/modules/[moduleId]/view
Γö£ ╞Æ /api/modules/[moduleId]/webhooks
Γö£ ╞Æ /api/modules/[moduleId]/webhooks/[webhookId]
Γö£ ╞Æ /api/modules/[moduleId]/webhooks/[webhookId]/deliveries
Γö£ ╞Æ /api/modules/[moduleId]/webhooks/[webhookId]/test
Γö£ ╞Æ /api/modules/ai-builder/chat
Γö£ ╞Æ /api/modules/ai-builder/finalize
Γö£ ╞Æ /api/modules/ai-builder/generate-code
Γö£ ╞Æ /api/modules/ai-builder/generate-spec
Γö£ ╞Æ /api/modules/ai-builder/refine
Γö£ ╞Æ /api/modules/ai-builder/session
Γö£ ╞Æ /api/modules/analytics/[moduleId]
Γö£ ╞Æ /api/modules/analytics/track
Γö£ ╞Æ /api/modules/catalog
Γö£ ╞Æ /api/modules/crm/activities
Γö£ ╞Æ /api/modules/crm/companies
Γö£ ╞Æ /api/modules/crm/companies/[id]
Γö£ ╞Æ /api/modules/crm/contacts
Γö£ ╞Æ /api/modules/crm/contacts/[id]
Γö£ ╞Æ /api/modules/crm/deals
Γö£ ╞Æ /api/modules/crm/deals/[id]
Γö£ ╞Æ /api/modules/crm/deals/[id]/move
Γö£ ╞Æ /api/modules/crm/pipelines
Γö£ ╞Æ /api/modules/crm/pipelines/[id]/stages
Γö£ ╞Æ /api/modules/crm/reports/pipeline
Γö£ ╞Æ /api/modules/crm/search
Γö£ ╞Æ /api/modules/ecommerce/cart
Γö£ ╞Æ /api/modules/ecommerce/categories
Γö£ ╞Æ /api/modules/ecommerce/checkout
Γö£ ╞Æ /api/modules/ecommerce/orders
Γö£ ╞Æ /api/modules/ecommerce/products
Γö£ ╞Æ /api/modules/ecommerce/webhooks/payment
Γö£ ╞Æ /api/modules/live-chat/conversations
Γö£ ╞Æ /api/modules/live-chat/embed
Γö£ ╞Æ /api/modules/live-chat/messages
Γö£ ╞Æ /api/modules/live-chat/rating
Γö£ ╞Æ /api/modules/live-chat/webhooks/whatsapp
Γö£ ╞Æ /api/modules/live-chat/widget
Γö£ ╞Æ /api/modules/requests
Γö£ ╞Æ /api/modules/subscribe
Γö£ ╞Æ /api/modules/subscriptions/[subscriptionId]/pricing
Γö£ ╞Æ /api/modules/v2
Γö£ ╞Æ /api/modules/v2/[moduleId]
Γö£ ╞Æ /api/modules/v2/admin/pricing
Γö£ ╞Æ /api/modules/v2/agency/[agencyId]/installations
Γö£ ╞Æ /api/modules/v2/agency/[agencyId]/pricing
Γö£ ╞Æ /api/modules/v2/client/[clientId]/installations
Γö£ ╞Æ /api/modules/v2/client/[clientId]/pricing
Γö£ ╞Æ /api/modules/v2/site/[siteId]/installations
Γö£ ╞Æ /api/pages
Γö£ ╞Æ /api/pages/[pageId]
Γö£ ╞Æ /api/pages/[pageId]/content
Γö£ ╞Æ /api/portal/modules
Γö£ ╞Æ /api/portal/modules/[id]
Γö£ ╞Æ /api/portal/modules/request
Γö£ ╞Æ /api/portal/widgets
Γö£ ╞Æ /api/preview/[siteId]/[pageId]
Γö£ ╞Æ /api/revalidate
Γö£ ╞Æ /api/safety/check
Γö£ ╞Æ /api/screenshot
Γö£ ╞Æ /api/site/[domain]/[[...slug]]
Γö£ ╞Æ /api/sites/[siteId]/ai-agents
Γö£ ╞Æ /api/sites/[siteId]/ai-agents/[agentId]
Γö£ ╞Æ /api/sites/[siteId]/ai-agents/[agentId]/execute
Γö£ ╞Æ /api/sites/[siteId]/ai-agents/[agentId]/executions
Γö£ ╞Æ /api/sites/[siteId]/ai-agents/approvals
Γö£ ╞Æ /api/sites/[siteId]/ai-agents/approvals/[approvalId]/approve
Γö£ ╞Æ /api/sites/[siteId]/ai-agents/approvals/[approvalId]/deny
Γö£ ╞Æ /api/sites/[siteId]/domain
Γö£ ╞Æ /api/sites/[siteId]/modules
Γö£ ╞Æ /api/sites/[siteId]/modules/[moduleId]
Γö£ ╞Æ /api/sites/[siteId]/modules/auto-install
Γö£ ╞Æ /api/sites/[siteId]/modules/enabled
Γö£ ╞Æ /api/sites/[siteId]/publish
Γö£ ╞Æ /api/sites/[siteId]/robots.txt
Γö£ ╞Æ /api/sites/[siteId]/sitemap.xml
Γö£ ╞Æ /api/social/oauth/[platform]
Γö£ ╞Æ /api/social/oauth/callback
Γö£ ╞Æ /api/social/publish
Γö£ ╞Æ /api/social/sync
Γö£ ╞Æ /api/social/webhooks/[platform]
Γö£ ╞Æ /api/studio/ai/component
Γö£ ╞Æ /api/studio/ai/generate-page
Γö£ ╞Æ /api/studio/ai/quick-action
Γö£ ╞Æ /api/studio/export
Γö£ ╞Æ /api/studio/modules/ecommerce/categories
Γö£ ╞Æ /api/studio/modules/ecommerce/products
Γö£ ╞Æ /api/webhooks/lemonsqueezy
Γö£ ╞Æ /api/webhooks/paddle
Γö£ ╞Æ /api/webhooks/stripe
Γö£ ╞Æ /auth/callback
Γö£ ╞Æ /blog/[subdomain]
Γö£ ╞Æ /blog/[subdomain]/[slug]
Γö£ ╞Æ /checkout/module
Γö£ ╞Æ /clients/[clientId]/modules
Γö£ ╞Æ /dashboard
Γö£ ╞Æ /dashboard/billing
Γö£ ╞Æ /dashboard/billing/success
Γö£ ╞Æ /dashboard/clients
Γö£ ╞Æ /dashboard/clients/[clientId]
Γö£ ╞Æ /dashboard/clients/new
Γö£ ╞Æ /dashboard/crm
Γö£ ╞Æ /dashboard/domains
Γö£ ╞Æ /dashboard/domains/[domainId]
Γö£ ╞Æ /dashboard/domains/[domainId]/dns
Γö£ ╞Æ /dashboard/domains/[domainId]/email
Γö£ ╞Æ /dashboard/domains/[domainId]/renew
Γö£ ╞Æ /dashboard/domains/[domainId]/settings
Γö£ ╞Æ /dashboard/domains/cart
Γö£ ╞Æ /dashboard/domains/search
Γö£ ╞Æ /dashboard/domains/transfer
Γö£ ╞Æ /dashboard/domains/transfer/[transferId]
Γö£ ╞Æ /dashboard/domains/transfer/new
Γö£ ╞Æ /dashboard/email
Γö£ ╞Æ /dashboard/email/[orderId]
Γö£ ╞Æ /dashboard/email/[orderId]/accounts
Γö£ ╞Æ /dashboard/email/[orderId]/settings
Γö£ ╞Æ /dashboard/email/purchase
Γö£ ╞Æ /dashboard/media
Γö£ ╞Æ /dashboard/modules/pricing
Γö£ ╞Æ /dashboard/modules/requests
Γö£ ╞Æ /dashboard/modules/requests/new
Γö£ ╞Æ /dashboard/modules/subscriptions
Γö£ ╞Æ /dashboard/notifications
Γö£ ╞Æ /dashboard/settings/branding
Γö£ ╞Æ /dashboard/settings/domains
Γö£ ╞Æ /dashboard/settings/domains/billing
Γö£ ╞Æ /dashboard/settings/domains/branding
Γö£ ╞Æ /dashboard/settings/domains/pricing
Γö£ ╞Æ /dashboard/sites
Γö£ ╞Æ /dashboard/sites/[siteId]
Γö£ ╞Æ /dashboard/sites/[siteId]/ai-agents
Γö£ ╞Æ /dashboard/sites/[siteId]/ai-agents/[agentId]
Γö£ ╞Æ /dashboard/sites/[siteId]/ai-agents/analytics
Γö£ ╞Æ /dashboard/sites/[siteId]/ai-agents/approvals
Γö£ ╞Æ /dashboard/sites/[siteId]/ai-agents/marketplace
Γö£ ╞Æ /dashboard/sites/[siteId]/ai-agents/new
Γö£ ╞Æ /dashboard/sites/[siteId]/ai-agents/testing
Γö£ ╞Æ /dashboard/sites/[siteId]/ai-agents/usage
Γö£ ╞Æ /dashboard/sites/[siteId]/ai-designer
Γö£ ╞Æ /dashboard/sites/[siteId]/automation
Γö£ ╞Æ /dashboard/sites/[siteId]/automation/analytics
Γö£ ╞Æ /dashboard/sites/[siteId]/automation/connections
Γö£ ╞Æ /dashboard/sites/[siteId]/automation/executions
Γö£ ╞Æ /dashboard/sites/[siteId]/automation/executions/[executionId]
Γö£ ╞Æ /dashboard/sites/[siteId]/automation/templates
Γö£ ╞Æ /dashboard/sites/[siteId]/automation/workflows
Γö£ ╞Æ /dashboard/sites/[siteId]/automation/workflows/[workflowId]
Γö£ ╞Æ /dashboard/sites/[siteId]/automation/workflows/new
Γö£ ╞Æ /dashboard/sites/[siteId]/blog
Γö£ ╞Æ /dashboard/sites/[siteId]/blog/[postId]
Γö£ ╞Æ /dashboard/sites/[siteId]/blog/categories
Γö£ ╞Æ /dashboard/sites/[siteId]/blog/new
Γö£ ╞Æ /dashboard/sites/[siteId]/booking
Γö£ ╞Æ /dashboard/sites/[siteId]/builder
Γö£ ╞Æ /dashboard/sites/[siteId]/crm-module
Γö£ ╞Æ /dashboard/sites/[siteId]/crm-module/analytics
Γö£ ╞Æ /dashboard/sites/[siteId]/ecommerce
Γö£ ╞Æ /dashboard/sites/[siteId]/editor
Γö£ ╞Æ /dashboard/sites/[siteId]/live-chat
Γö£ ╞Æ /dashboard/sites/[siteId]/live-chat/agents
Γö£ ╞Æ /dashboard/sites/[siteId]/live-chat/analytics
Γö£ ╞Æ /dashboard/sites/[siteId]/live-chat/canned-responses
Γö£ ╞Æ /dashboard/sites/[siteId]/live-chat/conversations
Γö£ ╞Æ /dashboard/sites/[siteId]/live-chat/conversations/[conversationId]
Γö£ ╞Æ /dashboard/sites/[siteId]/live-chat/knowledge-base
Γö£ ╞Æ /dashboard/sites/[siteId]/live-chat/settings
Γö£ ╞Æ /dashboard/sites/[siteId]/live-chat/whatsapp
Γö£ ╞Æ /dashboard/sites/[siteId]/pages
Γö£ ╞Æ /dashboard/sites/[siteId]/pages/[pageId]
Γö£ ╞Æ /dashboard/sites/[siteId]/pages/new
Γö£ ╞Æ /dashboard/sites/[siteId]/seo
Γö£ ╞Æ /dashboard/sites/[siteId]/seo/pages
Γö£ ╞Æ /dashboard/sites/[siteId]/seo/robots
Γö£ ╞Æ /dashboard/sites/[siteId]/seo/sitemap
Γö£ ╞Æ /dashboard/sites/[siteId]/settings
Γö£ ╞Æ /dashboard/sites/[siteId]/social
Γö£ ╞Æ /dashboard/sites/[siteId]/social/accounts
Γö£ ╞Æ /dashboard/sites/[siteId]/social/analytics
Γö£ ╞Æ /dashboard/sites/[siteId]/social/approvals
Γö£ ╞Æ /dashboard/sites/[siteId]/social/calendar
Γö£ ╞Æ /dashboard/sites/[siteId]/social/campaigns
Γö£ ╞Æ /dashboard/sites/[siteId]/social/competitors
Γö£ ╞Æ /dashboard/sites/[siteId]/social/compose
Γö£ ╞Æ /dashboard/sites/[siteId]/social/inbox
Γö£ ╞Æ /dashboard/sites/[siteId]/social/listening
Γö£ ╞Æ /dashboard/sites/[siteId]/social/media
Γö£ ╞Æ /dashboard/sites/[siteId]/social/posts
Γö£ ╞Æ /dashboard/sites/[siteId]/social/reports
Γö£ ╞Æ /dashboard/sites/[siteId]/social/settings
Γö£ ╞Æ /dashboard/sites/[siteId]/submissions
Γö£ ╞Æ /dashboard/sites/new
Γö£ ╞Æ /dashboard/support
Γö£ ╞Æ /debug-marketplace
Γö£ Γùï /demo/effects
Γö£ ╞Æ /developer/revenue
Γö£ ╞Æ /editor/[siteId]
Γö£ ╞Æ /embed/[moduleId]/[siteId]
Γö£ ╞Æ /embed/booking/[siteId]
Γö£ ╞Æ /embed/chat-widget
Γö£ Γùï /forgot-password
Γö£ ╞Æ /login
Γö£ ╞Æ /marketplace
Γö£ ╞Æ /marketplace/[moduleId]
Γö£ ╞Æ /marketplace/collections/[slug]
Γö£ ╞Æ /marketplace/developers/[slug]
Γö£ ╞Æ /marketplace/installed
Γö£ ╞Æ /marketplace/success
Γö£ ╞Æ /marketplace/v2
Γö£ ╞Æ /marketplace/v2/[slug]
Γö£ ╞Æ /marketplace/v2/category/[category]
Γö£ Γùï /onboarding
Γö£ ╞Æ /portal
Γö£ ╞Æ /portal/analytics
Γö£ ╞Æ /portal/apps
Γö£ ╞Æ /portal/apps/[slug]
Γö£ ╞Æ /portal/apps/browse
Γö£ ╞Æ /portal/blog
Γö£ ╞Æ /portal/blog/[siteId]
Γö£ ╞Æ /portal/domains
Γö£ ╞Æ /portal/email
Γö£ ╞Æ /portal/invoices
Γö£ ╞Æ /portal/login
Γö£ ╞Æ /portal/media
Γö£ ╞Æ /portal/notifications
Γö£ ╞Æ /portal/seo
Γö£ ╞Æ /portal/seo/[siteId]
Γö£ ╞Æ /portal/settings
Γö£ ╞Æ /portal/sites
Γö£ ╞Æ /portal/sites/[siteId]
Γö£ ╞Æ /portal/sites/[siteId]/apps
Γö£ ╞Æ /portal/sites/[siteId]/apps/[moduleId]
Γö£ ╞Æ /portal/submissions
Γö£ ╞Æ /portal/support
Γö£ ╞Æ /portal/support/[ticketId]
Γö£ ╞Æ /portal/support/new
Γö£ ╞Æ /portal/verify
Γö£ ╞Æ /preview/[siteId]/[pageId]
Γö£ Γùï /pricing
Γö£ ╞Æ /quote/[token]
Γö£ Γùï /reset-password
Γö£ ╞Æ /settings
Γö£ ╞Æ /settings/activity
Γö£ ╞Æ /settings/agency
Γö£ ╞Æ /settings/billing
Γö£ ╞Æ /settings/branding
Γö£ ╞Æ /settings/domains
Γö£ ╞Æ /settings/modules
Γö£ ╞Æ /settings/notifications
Γö£ ╞Æ /settings/profile
Γö£ ╞Æ /settings/regional
Γö£ ╞Æ /settings/security
Γö£ ╞Æ /settings/subscription
Γö£ ╞Æ /settings/team
Γö£ Γùï /signup
Γö£ ╞Æ /site/[domain]/[[...slug]]
Γö£ ╞Æ /site/[domain]/robots.txt
Γö£ ╞Æ /site/[domain]/sitemap.xml
Γö£ ╞Æ /studio/[siteId]/[pageId]
Γö£ ╞Æ /templates
Γö£ Γùï /test-components
Γö£ ╞Æ /test-safety
Γöö Γùï /unsubscribe


╞Æ Proxy (Middleware)

Γùï  (Static)   prerendered as static content
╞Æ  (Dynamic)  server-rendered on demand

